[ERROR]   location: interface tn.enis.DemandeConge.service.LeaveRequest.LeaveRequestService
[ERROR] /C:/Bureau/Bureau/microservices/DemandeConge/src/main/java/tn/enis/DemandeConge/service/LeaveRequest/LeaveRequestService.java:[20,45] cannot find symbol
[ERROR]   symbol:   class UserRole
[ERROR]   location: interface tn.enis.DemandeConge.service.LeaveRequest.LeaveRequestService
[ERROR] /C:/Bureau/Bureau/microservices/DemandeConge/src/main/java/tn/enis/DemandeConge/dto/LeaveRequestSearchCriteria.java:[7,27] package tn.enis.conge.enums does not exist
[ERROR] /C:/Bureau/Bureau/microservices/DemandeConge/src/main/java/tn/enis/DemandeConge/dto/LeaveRequestSearchCriteria.java:[24,13] cannot find symbol
[ERROR]   symbol:   class UserRole
[ERROR]   location: class tn.enis.DemandeConge.dto.LeaveRequestSearchCriteria
[ERROR] /C:/Bureau/Bureau/microservices/DemandeConge/src/main/java/tn/enis/DemandeConge/dto/LeaveRequestSearchCriteria.java:[13,1] cannot find symbol
[ERROR]   symbol:   class UserRole
[ERROR]   location: class tn.enis.DemandeConge.dto.LeaveRequestSearchCriteria
[ERROR] /C:/Bureau/Bureau/microservices/DemandeConge/src/main/java/tn/enis/DemandeConge/dto/LeaveRequestSearchCriteria.java:[24,22] cannot find symbol
[ERROR]   symbol:   class UserRole
[ERROR]   location: class tn.enis.DemandeConge.dto.LeaveRequestSearchCriteria
[ERROR] /C:/Bureau/Bureau/microservices/DemandeConge/src/main/java/tn/enis/DemandeConge/dto/LeaveRequestSearchCriteria.java:[12,1] cannot find symbol
[ERROR]   symbol:   class UserRole
[ERROR]   location: class tn.enis.DemandeConge.dto.LeaveRequestSearchCriteria
[ERROR] /C:/Bureau/Bureau/microservices/DemandeConge/src/main/java/tn/enis/DemandeConge/controller/LeaveRequestController.java:[16,27] package tn.enis.conge.enums does not exist
[ERROR] /C:/Bureau/Bureau/microservices/DemandeConge/src/main/java/tn/enis/DemandeConge/controller/LeaveRequestController.java:[47,27] cannot find symbol
[ERROR]   symbol:   class UserRole
[ERROR]   location: class tn.enis.DemandeConge.controller.LeaveRequestController
[ERROR] /C:/Bureau/Bureau/microservices/DemandeConge/src/main/java/tn/enis/DemandeConge/controller/LeaveRequestController.java:[61,27] cannot find symbol
[ERROR]   symbol:   class UserRole
[ERROR]   location: class tn.enis.DemandeConge.controller.LeaveRequestController
[ERROR] /C:/Bureau/Bureau/microservices/DemandeConge/src/main/java/tn/enis/DemandeConge/controller/LeaveRequestController.java:[100,45] cannot find symbol
[ERROR]   symbol:   class UserRole
[ERROR]   location: class tn.enis.DemandeConge.controller.LeaveRequestController
[ERROR] /C:/Bureau/Bureau/microservices/DemandeConge/src/main/java/tn/enis/DemandeConge/service/LeaveRequest/LeaveRequestServiceImpl.java:[21,27] package tn.enis.conge.enums does not exist
[ERROR] /C:/Bureau/Bureau/microservices/DemandeConge/src/main/java/tn/enis/DemandeConge/service/LeaveRequest/LeaveRequestServiceImpl.java:[186,87] cannot find symbol
[ERROR]   symbol:   class UserRole
[ERROR]   location: class tn.enis.DemandeConge.service.LeaveRequest.LeaveRequestServiceImpl
[ERROR] /C:/Bureau/Bureau/microservices/DemandeConge/src/main/java/tn/enis/DemandeConge/service/LeaveRequest/LeaveRequestServiceImpl.java:[351,67] cannot find symbol
[ERROR]   symbol:   class UserRole
[ERROR]   location: class tn.enis.DemandeConge.service.LeaveRequest.LeaveRequestServiceImpl
[ERROR] /C:/Bureau/Bureau/microservices/DemandeConge/src/main/java/tn/enis/DemandeConge/service/LeaveRequest/LeaveRequestServiceImpl.java:[398,32] cannot find symbol
[ERROR]   symbol:   class UserRole
[ERROR]   location: class tn.enis.DemandeConge.service.LeaveRequest.LeaveRequestServiceImpl
[ERROR] /C:/Bureau/Bureau/microservices/DemandeConge/src/main/java/tn/enis/DemandeConge/service/LeaveRequest/LeaveRequestServiceImpl.java:[418,13] cannot find symbol
[ERROR]   symbol:   class UserRole
[ERROR]   location: class tn.enis.DemandeConge.service.LeaveRequest.LeaveRequestServiceImpl
[ERROR] /C:/Bureau/Bureau/microservices/DemandeConge/src/main/java/tn/enis/DemandeConge/service/LeaveRequest/LeaveRequestServiceImpl.java:[786,34] cannot find symbol
[ERROR]   symbol:   class UserRole
[ERROR]   location: class tn.enis.DemandeConge.service.LeaveRequest.LeaveRequestServiceImpl
[ERROR] -> [Help 1]
[ERROR] 
[ERROR] To see the full stack trace of the errors, re-run Maven with the -e switch.
[ERROR] Re-run Maven using the -X switch to enable full debug logging.
[ERROR] 
[ERROR] For more information about the errors and possible solutions, please read the following articles:
[ERROR] [Help 1] http://cwiki.apache.org/confluence/display/MAVEN/MojoFailureException
