.venv312\Scripts\python.exe : 2026-03-20 22:37:51.892 | INFO     | 
__main__:<module>:339 - Testing workflow creation...
Au caractère Ligne:1 : 1
+ .venv312\Scripts\python.exe -m graph.workflow 2>&1 | Tee-Object -File ...
+ ~~~~~~~~~~~~~~~~~~~~~~~~~~~~~~~~~~~~~~~~~~~~~~~~~~
    + CategoryInfo          : NotSpecified: (2026-03-20 22:3...low creation... 
   :String) [], RemoteException
    + FullyQualifiedErrorId : NativeCommandError
 
2026-03-20 22:37:51.894 | INFO     | __main__:_build_graph:57 - \U0001f4ca 
Workflow graph built successfully
2026-03-20 22:37:51.894 | INFO     | __main__:_build_graph:58 -    Nodes: 
gherkin_generator \u2192 gherkin_validator \u2192 test_writer \u2192 
test_executor
2026-03-20 22:37:51.895 | INFO     | __main__:__init__:24 - \u2705 Test 
Automation Workflow initialized
2026-03-20 22:37:51.896 | INFO     | __main__:__init__:25 - \U0001f4cb 
Pipeline: gherkin_generator \u2192 gherkin_validator \u2192 test_writer \u2192 
test_executor
2026-03-20 22:37:51.898 | INFO     | __main__:<module>:369 - Running test 
workflow...
2026-03-20 22:37:51.898 | INFO     | __main__:run:123 - =======================
=========================================================
2026-03-20 22:37:51.898 | INFO     | __main__:run:124 - \U0001f680 Starting 
CONTRACT-LEVEL Test Automation Workflow
2026-03-20 22:37:51.898 | INFO     | __main__:run:125 -    Service: 
leave-request-service
2026-03-20 22:37:51.898 | INFO     | __main__:run:126 - =======================
=========================================================
2026-03-20 22:37:51.898 | INFO     | __main__:run:138 -    Swagger specs: 2 
service(s)
2026-03-20 22:37:51.898 | INFO     | __main__:run:140 -       - auth
2026-03-20 22:37:51.898 | INFO     | __main__:run:140 -       - leave
2026-03-20 22:37:51.898 | INFO     | __main__:run:154 - 
\U0001f3af Executing workflow...
2026-03-20 22:37:52.417 | INFO     | agents.gherkin_generator:__init__:400 - 
\u2705 Gherkin Generator (Swagger-driven) initialized ù model: 
Qwen/Qwen2.5-Coder-32B-Instruct
2026-03-20 22:37:52.417 | INFO     | agents.gherkin_generator:generate:1057 - 
\U0001f680 Gherkin Generator (Swagger-driven) ù project: leave-request-service
2026-03-20 22:37:52.418 | DEBUG    | 
agents.gherkin_generator:_extract_swagger_facts:182 -    [auth] found enum 
fields: ['userRole']
2026-03-20 22:37:52.418 | DEBUG    | 
agents.gherkin_generator:_extract_swagger_facts:182 -    [leave] found enum 
fields: ['schema', 'items', 'periodType', 'type', 'state', 'rejectedBy']
2026-03-20 22:37:52.418 | INFO     | agents.gherkin_generator:generate:1063 -  
  Swagger facts extracted from 2 service(s)
2026-03-20 22:37:52.418 | INFO     | 
agents.gherkin_generator:extract_features:571 - \U0001f4cb Extracted 1 user 
story/stories \u2192 1 feature file(s)
2026-03-20 22:37:52.418 | INFO     | agents.gherkin_generator:generate:1076 - 
\U0001f4cc 1 user story/stories \u2192 1 feature file(s)
2026-03-20 22:37:52.419 | INFO     | agents.gherkin_generator:generate:1089 -  
  Error messages extracted from user story: 1 found
2026-03-20 22:37:52.419 | INFO     | agents.gherkin_generator:generate:1093 -  
  Generating feature 1/1...
2026-03-20 22:37:52.419 | INFO     | 
agents.gherkin_generator:generate_single:1018 - \U0001f916 LLM call attempt 1/3
2026-03-20 22:38:07.255 | WARNING  | 
agents.gherkin_generator:_collapse_duplicate_nominal_scenarios:875 - \u26a0 
Collapsed dup nominal: 'Scenario: Employee tries to cancel overlapping leave 
requests'
2026-03-20 22:38:07.257 | INFO     | 
agents.gherkin_generator:save_feature_file:979 -    \U0001f5d1 Removed: 
leave-request-service_01_cancel-leave-request_20260320_223527.feature
2026-03-20 22:38:07.265 | SUCCESS  | 
agents.gherkin_generator:save_feature_file:986 - \U0001f4be Saved .feature 
\u2192 C:\Bureau\Bureau\project_test\output\features\leave-request-service_01_c
ancel-leave-request_20260320_223807.feature
2026-03-20 22:38:07.265 | SUCCESS  | agents.gherkin_generator:generate:1113 - 
\u2705 Gherkin generated ù 1 file(s) in 14848 ms
2026-03-20 22:38:07.268 | INFO     | 
__main__:_should_continue_after_generation:72 - \u2713 Gherkin generation 
successful \u2192 Proceeding to validation
2026-03-20 22:38:07.269 | INFO     | 
agents.gherkin_validator:_find_gherkin_lint:68 -    Found gherkin-lint (local, 
Windows): node_modules\.bin\gherkin-lint.cmd
2026-03-20 22:38:07.270 | INFO     | agents.gherkin_validator:__init__:58 - 
\u2705 Gherkin Validator initialized (gherkin-lint: enabled, model: 
mistralai/Mistral-7B-Instruct-v0.2)
2026-03-20 22:38:07.270 | INFO     | agents.gherkin_validator:validate:109 -   
 Running gherkin-lint syntax validation...
2026-03-20 22:38:07.270 | DEBUG    | 
agents.gherkin_validator:_validate_with_gherkin_lint:192 - Running: 
C:\Bureau\Bureau\project_test\node_modules\.bin\gherkin-lint.cmd -c 
.gherkin-lintrc C:\Bureau\Bureau\project_test\output\features\leave-request-ser
vice_01_cancel-leave-request_20260320_223807.feature
2026-03-20 22:38:07.783 | DEBUG    | 
agents.gherkin_validator:_validate_with_gherkin_lint:236 - Found 0 linting 
issues
2026-03-20 22:38:07.783 | INFO     | agents.gherkin_validator:validate:113 -   
 gherkin-lint: 0 issues found
2026-03-20 22:38:07.783 | INFO     | agents.gherkin_validator:validate:126 -   
 Semantic check: 0 issues found
2026-03-20 22:38:07.783 | INFO     | agents.gherkin_validator:validate:129 -   
 Running LLM validation...
2026-03-20 22:38:07.785 | INFO     | 
agents.gherkin_validator:_validate_with_llm:288 - \U0001f50d Validation 
Context:
2026-03-20 22:38:07.785 | INFO     | 
agents.gherkin_validator:_validate_with_llm:289 -    Scenarios in Gherkin: 5
2026-03-20 22:38:07.785 | INFO     | 
agents.gherkin_validator:_validate_with_llm:290 -    Acceptance Criteria 
found: 0
2026-03-20 22:38:07.785 | INFO     | 
agents.gherkin_validator:_validate_with_llm:291 -    Business Rules found: 0
2026-03-20 22:38:07.785 | INFO     | 
agents.gherkin_validator:_validate_with_llm:292 -    Error Messages expected: 4
2026-03-20 22:38:07.785 | INFO     | 
agents.gherkin_validator:_validate_with_llm:357 -    Invoking LLM for 
validation (attempt 1/2)...
2026-03-20 22:38:10.203 | SUCCESS  | 
agents.gherkin_validator:_validate_with_llm:371 - \u2705 LLM validation 
successful: 100.0% coverage
2026-03-20 22:38:10.204 | SUCCESS  | agents.gherkin_validator:validate:159 - 
\u2705 Validation PASSED - Coverage: 100.0%
2026-03-20 22:38:10.219 | INFO     | 
__main__:_should_continue_after_validation:84 - \u2713 Validation passed 
\u2192 Proceeding to test writing
2026-03-20 22:38:10.225 | INFO     | agents.test_writer:__init__:1047 - \u2705 
TestWriter (E2E, Swagger-driven) initialized ù model: 
Qwen/Qwen2.5-Coder-32B-Instruct
2026-03-20 22:38:10.226 | INFO     | agents.test_writer:write_tests:1248 - 
=================================================================
2026-03-20 22:38:10.226 | INFO     | agents.test_writer:write_tests:1249 - 
\U0001f680 TestWriter (E2E, Swagger-driven) starting
2026-03-20 22:38:10.226 | INFO     | agents.test_writer:write_tests:1250 - 
=================================================================
2026-03-20 22:38:10.226 | INFO     | agents.test_writer:write_tests:1260 -    
Services: ['auth', 'leave']
2026-03-20 22:38:10.226 | INFO     | agents.test_writer:write_tests:1268 -    
Loaded: leave-request-service_01_cancel-leave-request_20260320_223807.feature
2026-03-20 22:38:10.226 | INFO     | 
agents.test_writer:_detect_auth_service:252 -    Auth service detected: 'auth' 
\u2192 /api/auth/login
2026-03-20 22:38:10.226 | INFO     | 
agents.test_writer:generate_e2e_steps:1142 -    Extracting API facts from 
Swagger...
2026-03-20 22:38:10.227 | INFO     | 
agents.test_writer:generate_e2e_steps:1148 -    [auth] http://127.0.0.1:9000 ù 
9 endpoints
2026-03-20 22:38:10.227 | INFO     | 
agents.test_writer:generate_e2e_steps:1150 -       GET 
/api/admin/departments/{id} body=[] response=['id', 'nameDepartment', 
'employeeCount']
2026-03-20 22:38:10.227 | INFO     | 
agents.test_writer:generate_e2e_steps:1150 -       PUT 
/api/admin/departments/{id} body=['id', 'nameDepartment', 'employeeCount'] 
response=['id', 'nameDepartment', 'employeeCount']
2026-03-20 22:38:10.227 | INFO     | 
agents.test_writer:generate_e2e_steps:1150 -       DELETE 
/api/admin/departments/{id} body=[] response=[]
2026-03-20 22:38:10.227 | INFO     | 
agents.test_writer:generate_e2e_steps:1150 -       POST /api/auth/login 
body=['email', 'password'] response=['jwt', 'userRole', 'userId']
2026-03-20 22:38:10.227 | INFO     | 
agents.test_writer:generate_e2e_steps:1150 -       POST 
/api/admin/departments/create body=[] response=['id', 'nameDepartment', 
'employeeCount']
2026-03-20 22:38:10.227 | INFO     | 
agents.test_writer:generate_e2e_steps:1150 -       POST 
/api/admin/create-employee body=['email', 'firstName', 'lastName', 'cin', 
'numTel', 'password', 'departmentId', 'userRole'] response=[]
2026-03-20 22:38:10.227 | INFO     | 
agents.test_writer:generate_e2e_steps:1150 -       GET /api/users/{id} body=[] 
response=['id', 'firstName', 'lastName', 'email', 'numTel', 'userRole', 
'departmentId', 'departmentName']
2026-03-20 22:38:10.227 | INFO     | 
agents.test_writer:generate_e2e_steps:1150 -       GET /api/users/search-ids 
body=[] response=[]
2026-03-20 22:38:10.227 | INFO     | 
agents.test_writer:generate_e2e_steps:1150 -       GET /api/admin/departments 
body=[] response=['id', 'nameDepartment', 'employeeCount']
2026-03-20 22:38:10.227 | INFO     | 
agents.test_writer:generate_e2e_steps:1148 -    [leave] http://127.0.0.1:9001 
ù 14 endpoints
2026-03-20 22:38:10.227 | INFO     | 
agents.test_writer:generate_e2e_steps:1150 -       PUT 
/api/leave-requests/{id}/reject body=[] response=[]
2026-03-20 22:38:10.227 | INFO     | 
agents.test_writer:generate_e2e_steps:1150 -       PUT 
/api/leave-requests/{id}/cancel body=[] response=[]
2026-03-20 22:38:10.227 | INFO     | 
agents.test_writer:generate_e2e_steps:1150 -       PUT 
/api/leave-requests/{id}/approve body=[] response=[]
2026-03-20 22:38:10.227 | INFO     | 
agents.test_writer:generate_e2e_steps:1150 -       GET /api/balances/{userId} 
body=[] response=['id', 'annualBalance', 'recoveryBalance', 'userId']
2026-03-20 22:38:10.227 | INFO     | 
agents.test_writer:generate_e2e_steps:1150 -       PUT /api/balances/{userId} 
body=[] response=['id', 'annualBalance', 'recoveryBalance', 'userId']
2026-03-20 22:38:10.227 | INFO     | 
agents.test_writer:generate_e2e_steps:1150 -       DELETE 
/api/balances/{userId} body=[] response=[]
2026-03-20 22:38:10.227 | INFO     | 
agents.test_writer:generate_e2e_steps:1150 -       GET 
/api/admin/holidays/{id} body=[] response=['id', 'startDate', 'endDate', 
'description']
2026-03-20 22:38:10.227 | INFO     | 
agents.test_writer:generate_e2e_steps:1150 -       PUT 
/api/admin/holidays/{id} body=['id', 'startDate', 'endDate', 'description'] 
response=['id', 'startDate', 'endDate', 'description']
2026-03-20 22:38:10.227 | INFO     | 
agents.test_writer:generate_e2e_steps:1150 -       DELETE 
/api/admin/holidays/{id} body=[] response=[]
2026-03-20 22:38:10.227 | INFO     | 
agents.test_writer:generate_e2e_steps:1150 -       POST 
/api/leave-requests/create body=['id', 'fromDate', 'toDate', 'fromTime', 
'toTime', 'periodType', 'note', 'type', 'userId'] response=['id', 'fromDate', 
'toDate', 'fromTime', 'toTime', 'periodType', 'days', 'hours', 'state', 
'note', 'type', 'userId', 'cancellationDate', 'cancellationObservation', 
'approvalChain', 'managerNote', 'rejectedBy', 'rejectionDate', 
'rejectionReason', 'rejectionObservation']
2026-03-20 22:38:10.228 | INFO     | 
agents.test_writer:generate_e2e_steps:1150 -       POST 
/api/balances/init/{userId} body=[] response=['id', 'annualBalance', 
'recoveryBalance', 'userId']
2026-03-20 22:38:10.228 | INFO     | 
agents.test_writer:generate_e2e_steps:1150 -       GET /api/admin/holidays 
body=[] response=['id', 'startDate', 'endDate', 'description']
2026-03-20 22:38:10.228 | INFO     | 
agents.test_writer:generate_e2e_steps:1150 -       POST /api/admin/holidays 
body=['id', 'startDate', 'endDate', 'description'] response=['id', 
'startDate', 'endDate', 'description']
2026-03-20 22:38:10.228 | INFO     | 
agents.test_writer:generate_e2e_steps:1150 -       GET 
/api/leave-requests/search body=[] response=['id', 'fromDate', 'toDate', 
'fromTime', 'toTime', 'type', 'periodType', 'days', 'hours', 'state', 
'userId', 'lastName', 'firstName', 'role', 'departement']
2026-03-20 22:38:10.228 | INFO     | 
agents.test_writer:generate_e2e_steps:1157 -    12 unique steps found
2026-03-20 22:38:10.228 | INFO     | agents.test_writer:_build_auth_facts:375 
-    Auth token field: 'jwt'
2026-03-20 22:38:10.228 | INFO     | agents.test_writer:_build_auth_facts:377 
-    userId field:     'userId'
2026-03-20 22:38:10.228 | INFO     | agents.test_writer:_build_auth_facts:379 
-    userRole field:   'userRole'
2026-03-20 22:38:10.229 | INFO     | 
agents.test_writer:generate_e2e_steps:1180 -    Calling LLM for 
E2ESteps.java...
2026-03-20 22:38:10.229 | INFO     | 
agents.test_writer:_call_llm_with_retry:1078 -    [E2ESteps] attempt 1/3
2026-03-20 22:39:07.909 | INFO     | 
agents.test_writer:_call_llm_with_retry:1097 -    [E2ESteps] valid Java on 
attempt 1
2026-03-20 22:39:09.323 | WARNING  | 
agents.test_writer:validate_java_syntax:153 -    javac hint for E2ESteps: 1 
error(s). First: E2ESteps.java:46: error: cannot access JsonPath
2026-03-20 22:39:10.187 | INFO     | 
agents.test_writer:validate_java_syntax:158 -    javac hint passed for 
E2ETestRunner
2026-03-20 22:39:10.190 | SUCCESS  | 
agents.test_writer:generate_e2e_steps:1195 -    E2ESteps.java + 
E2ETestRunner.java generated
2026-03-20 22:39:10.194 | SUCCESS  | agents.test_writer:save_e2e_files:1207 -  
  src\test\java\com\example\e2e\steps\E2ESteps.java
2026-03-20 22:39:10.196 | SUCCESS  | agents.test_writer:save_e2e_files:1211 -  
  src\test\java\com\example\e2e\E2ETestRunner.java
2026-03-20 22:39:10.198 | INFO     | 
agents.test_writer:save_pom_and_setup:1227 -    pom.xml already in place
2026-03-20 22:39:10.201 | SUCCESS  | agents.test_writer:write_tests:1303 - 
\u2705 TestWriter done in 59974 ms
2026-03-20 22:39:10.207 | INFO     | 
__main__:_should_continue_after_writing:103 - \u2713 Test files generated 
\u2192 Proceeding to execution
2026-03-20 22:39:10.222 | INFO     | agents.test_executor:__init__:68 - \u2705 
Test Executor initialized  [java=\u2713] [maven=\u2713]
2026-03-20 22:39:10.222 | INFO     | agents.test_executor:execute:347 - 
\U0001f680 Test Executor starting for: leave-request-service
2026-03-20 22:39:10.222 | INFO     | agents.test_executor:execute:365 - 
1\ufe0f\u20e3  Staging .feature files...
2026-03-20 22:39:10.224 | INFO     | 
agents.test_executor:_stage_feature_files:143 -    \U0001f5d1 Removed old 
feature: leave-request-service_01_cancel-leave-request_20260320_223527.feature
2026-03-20 22:39:10.231 | INFO     | 
agents.test_executor:_stage_feature_files:151 -    \u2713 Staged: 
leave-request-service_01_cancel-leave-request_20260320_223807.feature \u2192 C:
\Bureau\Bureau\project_test\output\tests\src\test\resources\features\leave-requ
est-service_01_cancel-leave-request_20260320_223807.feature
2026-03-20 22:39:10.231 | INFO     | 
agents.test_executor:_stage_feature_files:154 -    1 .feature file(s) staged 
in C:\Bureau\Bureau\project_test\output\tests\src\test\resources\features
2026-03-20 22:39:10.231 | INFO     | agents.test_executor:execute:370 - 
2\ufe0f\u20e3  Executing Maven contract tests...
2026-03-20 22:39:10.231 | INFO     | agents.test_executor:_run_maven:188 -    
Running: 
C:\Users\MSI\Downloads\apache-maven-3.9.10-bin\apache-maven-3.9.10\bin\mvn 
clean test -Dservice.name=leave-request-service -DTEST_JWT_TOKEN=eyJhbGciOiJIUz
I1NiJ9.eyJzdWIiOiJqYW5lLnNtaXRoQGV4YW1wbGUuY29tIiwiaWF0IjoxNzc0MDAwMzI2LCJleHAi
OjE3NzQwODY3MjZ9.snILgUjdNzXNVz5D8ud9SAIyk_I5KbmqXWu9pThbz9I 
-DAUTH_BASE_URL=http://127.0.0.1:9000 -DLEAVE_BASE_URL=http://127.0.0.1:9001
2026-03-20 22:39:10.231 | INFO     | agents.test_executor:_run_maven:189 -    
Working directory: C:\Bureau\Bureau\project_test\output\tests
2026-03-20 22:39:22.181 | DEBUG    | agents.test_executor:_run_maven:204 -    
Maven output (first 2000 chars):
[INFO] Scanning for projects...
[INFO] 
[INFO] ---------------------< com.example:contract-tests >---------------------
[INFO] Building Contract Level E2E Tests 1.0.0
[INFO]   from pom.xml
[INFO] --------------------------------[ jar ]---------------------------------
[INFO] 
[INFO] --- clean:3.2.0:clean (default-clean) @ contract-tests ---
[INFO] Deleting C:\Bureau\Bureau\project_test\output\tests\target
[INFO] 
[INFO] --- resources:3.3.1:resources (default-resources) @ contract-tests ---
[INFO] skip non existing resourceDirectory 
C:\Bureau\Bureau\project_test\output\tests\src\main\resources
[INFO] 
[INFO] --- compiler:3.13.0:compile (default-compile) @ contract-tests ---
[INFO] No sources to compile
[INFO] 
[INFO] --- resources:3.3.1:testResources (default-testResources) @ 
contract-tests ---
[INFO] Copying 1 resource from src\test\resources to target\test-classes
[INFO] 
[INFO] --- compiler:3.13.0:testCompile (default-testCompile) @ contract-tests 
---
[INFO] Recompiling the module because of changed source code.
[INFO] Compiling 2 source files with javac [debug target 17] to 
target\test-classes
[INFO] 
[INFO] --- surefire:3.1.2:test (default-test) @ contract-tests ---
[INFO] Using auto detected provider 
org.apache.maven.surefire.junit4.JUnit4Provider
[INFO] 
[INFO] -------------------------------------------------------
[INFO]  T E S T S
[INFO] -------------------------------------------------------
[INFO] Running com.example.e2e.E2ETestRunner

Scenario: Employee cancels a pending leave request                      # featu
res/leave-request-service_01_cancel-leave-request_20260320_223807.feature:7
  Given the employee logs in with valid credentials                     # 
com.example.e2e.steps.E2ESteps.theEmployeeLogsInWithValidCredentials()
  Given the employee has a pending leave request                        # 
com.example.e2e.steps.E2ESteps.theEmployeeHasAPendingLeaveRequest()
      java.lang.AssertionError: 
Expecting actual:
  500
to be in:
  [200, 201]

	at co
2026-03-20 22:39:22.182 | INFO     | agents.test_executor:execute:373 - 
3\ufe0f\u20e3  Parsing test reports...
2026-03-20 22:39:22.182 | DEBUG    | 
agents.test_executor:_parse_surefire_summary:239 -    Surefire (console): 
TestExecutionResult(total=5, passed=1, failed=4, skipped=0, pass_rate=20.0%)
2026-03-20 22:39:22.185 | INFO     | 
agents.test_executor:_parse_cucumber_json:297 -    Cucumber JSON report 
parsed: C:\Bureau\Bureau\project_test\output\tests\target\cucumber-reports\e2e\
cucumber.json
2026-03-20 22:39:22.187 | INFO     | 
agents.test_executor:_locate_html_report:315 -    HTML report: C:\Bureau\Bureau
\project_test\output\tests\target\cucumber-reports\e2e\cucumber.html
2026-03-20 22:39:22.187 | WARNING  | agents.test_executor:execute:389 - 
\u26a0\ufe0f  Tests completed with failures  passed=6  failed=4  skipped=0  
pass_rate=60.0%
2026-03-20 22:39:22.187 | WARNING  | agents.test_executor:execute:395 -    
\u21b3 [Employee cancels a pending leave request] java.lang.AssertionError: 

Expecting actual:

  500

to be in:

  [200, 201]



	at com.example.e2e.steps.E2ESteps.theEmployeeHasAPendingLeaveRequest(E2ESteps.
java:66)

	at \u273d.the employee has a pendi
2026-03-20 22:39:22.187 | WARNING  | agents.test_executor:execute:395 -    
\u21b3 [Employee tries to cancel an already cancelled leave request] 
java.lang.AssertionError: 

Expecting actual:

  500

to be in:

  [200, 201]



	at com.example.e2e.steps.E2ESteps.theEmployeeHasAPendingLeaveRequest(E2ESteps.
java:66)

	at com.example.e2e.steps.E2ES
2026-03-20 22:39:22.188 | WARNING  | agents.test_executor:execute:395 -    
\u21b3 [Employee tries to cancel a leave request without required fields] 
java.lang.AssertionError: 

Expecting actual:

  500

to be in:

  [200, 201]



	at com.example.e2e.steps.E2ESteps.theEmployeeHasAPendingLeaveRequest(E2ESteps.
java:66)

	at \u273d.the employee has a pendi
2026-03-20 22:39:22.188 | WARNING  | agents.test_executor:execute:395 -    
\u21b3 [Employee tries to cancel a leave request with insufficient balance] 
java.lang.AssertionError: 

Expecting actual:

  500

to be in:

  [200, 201]



	at com.example.e2e.steps.E2ESteps.theEmployeeHasAPendingLeaveRequest(E2ESteps.
java:66)

	at \u273d.the employee has a pendi
2026-03-20 22:39:22.188 | SUCCESS  | agents.test_executor:execute:428 - \u2705 
Test Executor finished in 11966ms
2026-03-20 22:39:22.197 | INFO     | __main__:_log_workflow_summary:185 - 
===============================================================================
=
2026-03-20 22:39:22.197 | INFO     | __main__:_log_workflow_summary:186 - 
\U0001f4ca WORKFLOW EXECUTION SUMMARY
2026-03-20 22:39:22.197 | INFO     | __main__:_log_workflow_summary:187 - =====
===========================================================================
2026-03-20 22:39:22.197 | INFO     | __main__:_log_workflow_summary:188 - 
Workflow ID : leave-request-service_20260320_223751_d10853fd
2026-03-20 22:39:22.198 | INFO     | __main__:_log_workflow_summary:189 - 
Service     : leave-request-service
2026-03-20 22:39:22.198 | INFO     | __main__:_log_workflow_summary:190 - 
Status      : COMPLETED
2026-03-20 22:39:22.198 | INFO     | __main__:_log_workflow_summary:192 - 
\U0001f4cb Agent Execution:
2026-03-20 22:39:22.199 | INFO     | __main__:_log_workflow_summary:198 -   
\u2713 gherkin_generator
2026-03-20 22:39:22.199 | INFO     | __main__:_log_workflow_summary:199 -      
 Status   : success
2026-03-20 22:39:22.200 | INFO     | __main__:_log_workflow_summary:200 -      
 Duration : 14848ms
2026-03-20 22:39:22.200 | INFO     | __main__:_log_workflow_summary:204 -      
 Features : 0
2026-03-20 22:39:22.201 | INFO     | __main__:_log_workflow_summary:205 -      
 Files    : ['C:\\Bureau\\Bureau\\project_test\\output\\features\\leave-request
-service_01_cancel-leave-request_20260320_223807.feature']
2026-03-20 22:39:22.201 | INFO     | __main__:_log_workflow_summary:198 -   
\u2713 gherkin_validator
2026-03-20 22:39:22.201 | INFO     | __main__:_log_workflow_summary:199 -      
 Status   : success
2026-03-20 22:39:22.201 | INFO     | __main__:_log_workflow_summary:200 -      
 Duration : 2933ms
2026-03-20 22:39:22.201 | INFO     | __main__:_log_workflow_summary:207 -      
 Valid    : True
2026-03-20 22:39:22.201 | INFO     | __main__:_log_workflow_summary:208 -      
 Coverage : 100.0%
2026-03-20 22:39:22.201 | INFO     | __main__:_log_workflow_summary:198 -   
\u2713 test_writer
2026-03-20 22:39:22.202 | INFO     | __main__:_log_workflow_summary:199 -      
 Status   : success
2026-03-20 22:39:22.202 | INFO     | __main__:_log_workflow_summary:200 -      
 Duration : 59974ms
2026-03-20 22:39:22.202 | INFO     | __main__:_log_workflow_summary:210 -      
 Files    : 4
2026-03-20 22:39:22.202 | INFO     | __main__:_log_workflow_summary:211 -      
 Services : []
2026-03-20 22:39:22.202 | INFO     | __main__:_log_workflow_summary:198 -   
\u2717 test_executor
2026-03-20 22:39:22.203 | INFO     | __main__:_log_workflow_summary:199 -      
 Status   : failed
2026-03-20 22:39:22.203 | INFO     | __main__:_log_workflow_summary:200 -      
 Duration : 11966ms
2026-03-20 22:39:22.203 | INFO     | __main__:_log_workflow_summary:213 -      
 Total    : 10
2026-03-20 22:39:22.203 | INFO     | __main__:_log_workflow_summary:214 -      
 Passed   : 6
2026-03-20 22:39:22.203 | INFO     | __main__:_log_workflow_summary:215 -      
 Failed   : 4
2026-03-20 22:39:22.203 | INFO     | __main__:_log_workflow_summary:216 -      
 Rate     : 60.0%
2026-03-20 22:39:22.203 | INFO     | __main__:_log_workflow_summary:219 -      
 Report   : C:\Bureau\Bureau\project_test\output\tests\target\cucumber-reports\
e2e\cucumber.html
2026-03-20 22:39:22.203 | INFO     | __main__:_log_workflow_summary:221 - 
Total Duration: 89721ms (89.7s)
2026-03-20 22:39:22.203 | INFO     | __main__:_log_workflow_summary:223 - 
\U0001f4c1 Generated Artifacts:
2026-03-20 22:39:22.203 | INFO     | __main__:_log_workflow_summary:224 -   
Gherkin files : 1
2026-03-20 22:39:22.203 | INFO     | __main__:_log_workflow_summary:226 -     
- C:\Bureau\Bureau\project_test\output\features\leave-request-service_01_cancel
-leave-request_20260320_223807.feature
2026-03-20 22:39:22.203 | INFO     | __main__:_log_workflow_summary:227 -   
Test files    : 4
2026-03-20 22:39:22.204 | INFO     | __main__:_log_workflow_summary:229 -     
- C:\Bureau\Bureau\project_test\output\tests\src\test\java\com\example\e2e\step
s\E2ESteps.java
2026-03-20 22:39:22.204 | INFO     | __main__:_log_workflow_summary:229 -     
- C:\Bureau\Bureau\project_test\output\tests\src\test\java\com\example\e2e\E2ET
estRunner.java
2026-03-20 22:39:22.204 | INFO     | __main__:_log_workflow_summary:229 -     
- C:\Bureau\Bureau\project_test\output\tests\pom.xml
2026-03-20 22:39:22.204 | INFO     | __main__:_log_workflow_summary:229 -     
- C:\Bureau\Bureau\project_test\output\tests\E2E_TEST_SETUP.md
2026-03-20 22:39:22.204 | INFO     | __main__:_log_workflow_summary:233 - 
\u2705 Validation Results:
2026-03-20 22:39:22.204 | INFO     | __main__:_log_workflow_summary:234 -   
Valid          : True
2026-03-20 22:39:22.204 | INFO     | __main__:_log_workflow_summary:235 -   
Coverage Score : 100.0%
2026-03-20 22:39:22.204 | INFO     | __main__:_log_workflow_summary:238 -   
Errors         : 0
2026-03-20 22:39:22.204 | INFO     | __main__:_log_workflow_summary:239 -   
Warnings       : 0
2026-03-20 22:39:22.204 | INFO     | __main__:_log_workflow_summary:244 - 
\U0001f9ea Test Execution Results:
2026-03-20 22:39:22.204 | INFO     | __main__:_log_workflow_summary:245 -   
Total    : 10
2026-03-20 22:39:22.204 | INFO     | __main__:_log_workflow_summary:246 -   
Passed   : 6
2026-03-20 22:39:22.204 | INFO     | __main__:_log_workflow_summary:247 -   
Failed   : 4
2026-03-20 22:39:22.204 | INFO     | __main__:_log_workflow_summary:248 -   
Skipped  : 0
2026-03-20 22:39:22.204 | INFO     | __main__:_log_workflow_summary:249 -   
Pass Rate: 60.0%
2026-03-20 22:39:22.205 | INFO     | __main__:_log_workflow_summary:251 -   
Report   : C:\Bureau\Bureau\project_test\output\tests\target\cucumber-reports\e
2e\cucumber.html
2026-03-20 22:39:22.205 | INFO     | __main__:_log_workflow_summary:253 -   
Hints:
2026-03-20 22:39:22.205 | WARNING  | __main__:_log_workflow_summary:255 -     
\u2192 HTTP 401 detected. Verify TEST_JWT_TOKEN is valid and not expired.
2026-03-20 22:39:22.205 | INFO     | __main__:_log_workflow_summary:263 - 
\u26a0\ufe0f Warnings (1):
2026-03-20 22:39:22.205 | WARNING  | __main__:_log_workflow_summary:265 -   - 
Execution hint: HTTP 401 detected. Verify TEST_JWT_TOKEN is valid and not 
expired.
2026-03-20 22:39:22.205 | INFO     | __main__:_log_workflow_summary:267 - 
===============================================================================
=
2026-03-20 22:39:22.205 | WARNING  | __main__:_log_workflow_summary:271 - 
\u26a0\ufe0f WORKFLOW COMPLETED WITH WARNINGS
2026-03-20 22:39:22.205 | INFO     | __main__:_log_workflow_summary:274 - =====
===========================================================================

2026-03-20 22:39:22.205 | SUCCESS  | __main__:<module>:376 - \u2705 Workflow 
test completed successfully!
2026-03-20 22:39:22.206 | INFO     | __main__:<module>:378 - 
\U0001f4ca Summary:
2026-03-20 22:39:22.206 | INFO     | __main__:<module>:380 -   workflow_id: 
leave-request-service_20260320_223751_d10853fd
2026-03-20 22:39:22.206 | INFO     | __main__:<module>:380 -   service_name: 
leave-request-service
2026-03-20 22:39:22.206 | INFO     | __main__:<module>:380 -   status: 
completed
2026-03-20 22:39:22.206 | INFO     | __main__:<module>:380 -   
agents_executed: 4
2026-03-20 22:39:22.206 | INFO     | __main__:<module>:380 -   errors: 0
2026-03-20 22:39:22.206 | INFO     | __main__:<module>:380 -   warnings: 1
2026-03-20 22:39:22.206 | INFO     | __main__:<module>:380 -   
validation_passed: False
2026-03-20 22:39:22.206 | INFO     | __main__:<module>:380 -   
test_files_generated: 4
2026-03-20 22:39:22.206 | INFO     | __main__:<module>:380 -   
swagger_specs_count: 2
2026-03-20 22:39:22.207 | INFO     | __main__:<module>:380 -   
generated_services: ['e2e']
2026-03-20 22:39:22.207 | INFO     | __main__:<module>:380 -   
is_multi_service: True
2026-03-20 22:39:22.207 | INFO     | __main__:<module>:380 -   
total_duration_ms: 89721.22478485107
